<html>
<body>
<pre>
<h1>µVision Build Log</h1>
<h2>Project:</h2>
C:\Keil\Labware\PROJECT_DX_BALL02\SpaceInvaders.uvproj
Project File Date:  06/08/2019

<h2>Output:</h2>
Rebuild target 'SpaceInvaders'
assembling startup.s...
assembling random.s...
compiling SpaceInvaders.c...
ModelPlayer.h(27): warning:  #1295-D: Deprecated declaration ball_init - give arg types
  void ball_init ();
ModelPlayer.h(30): warning:  #1295-D: Deprecated declaration ball_initlevel - give arg types
  void ball_initlevel();
ModelPlayer.h(33): warning:  #1295-D: Deprecated declaration ball_move - give arg types
  void ball_move ();
ModelPlayer.h(39): warning:  #1295-D: Deprecated declaration ball_getDir - give arg types
  unsigned int ball_getDir();
ModelPlayer.h(42): warning:  #1295-D: Deprecated declaration Pll8ayer_getScore - give arg types
  unsigned int Pll8ayer_getScore();
ModelPlayer.h(45): warning:  #1295-D: Deprecated declaration ball_increaseScore - give arg types
  void ball_increaseScore();
ModelPlayer.h(50): warning:  #1295-D: Deprecated declaration ball_deleteCell - give arg types
  void ball_deleteCell();
ModelPlayer.h(60): warning:  #1295-D: Deprecated declaration GetX - give arg types
  int GetX();
ModelPlayer.h(61): warning:  #1295-D: Deprecated declaration GetY - give arg types
  int GetY();
ModelPlayer.h(62): warning:  #1295-D: Deprecated declaration GetD - give arg types
  int GetD();
ModelPlayer.h(63): warning:  #1295-D: Deprecated declaration GetScore - give arg types
  int GetScore();
ModelPlayer.h(64): warning:  #1295-D: Deprecated declaration GetLifes - give arg types
  int GetLifes();
ModelPlayer.h(66): warning:  #1295-D: Deprecated declaration GetLevel - give arg types
  int GetLevel();
SpaceInvaders.c(17): warning:  #1295-D: Deprecated declaration GameOver - give arg types
  void GameOver();
SpaceInvaders.c(21): warning:  #1295-D: Deprecated declaration Draw - give arg types
  void Draw();
SpaceInvaders.c(22): warning:  #1295-D: Deprecated declaration Init - give arg types
  void Init();
SpaceInvaders.c(23): warning:  #1295-D: Deprecated declaration checkLifes - give arg types
  int  checkLifes();
SpaceInvaders.c(228): warning:  #177-D: variable "i" was declared but never referenced
        int i,j;
SpaceInvaders.c(228): warning:  #177-D: variable "j" was declared but never referenced
        int i,j;
SpaceInvaders.c(306): warning:  #1-D: last line of file ends without a newline
  }
SpaceInvaders.c: 20 warnings, 0 errors
compiling TExaS.c...
compiling VirtualNokia5110.c...
compiling ModelPlayer.c...
ModelPlayer.h(27): warning:  #1295-D: Deprecated declaration ball_init - give arg types
  void ball_init ();
ModelPlayer.h(30): warning:  #1295-D: Deprecated declaration ball_initlevel - give arg types
  void ball_initlevel();
ModelPlayer.h(33): warning:  #1295-D: Deprecated declaration ball_move - give arg types
  void ball_move ();
ModelPlayer.h(39): warning:  #1295-D: Deprecated declaration ball_getDir - give arg types
  unsigned int ball_getDir();
ModelPlayer.h(42): warning:  #1295-D: Deprecated declaration Pll8ayer_getScore - give arg types
  unsigned int Pll8ayer_getScore();
ModelPlayer.h(45): warning:  #1295-D: Deprecated declaration ball_increaseScore - give arg types
  void ball_increaseScore();
ModelPlayer.h(50): warning:  #1295-D: Deprecated declaration ball_deleteCell - give arg types
  void ball_deleteCell();
ModelPlayer.h(60): warning:  #1295-D: Deprecated declaration GetX - give arg types
  int GetX();
ModelPlayer.h(61): warning:  #1295-D: Deprecated declaration GetY - give arg types
  int GetY();
ModelPlayer.h(62): warning:  #1295-D: Deprecated declaration GetD - give arg types
  int GetD();
ModelPlayer.h(63): warning:  #1295-D: Deprecated declaration GetScore - give arg types
  int GetScore();
ModelPlayer.h(64): warning:  #1295-D: Deprecated declaration GetLifes - give arg types
  int GetLifes();
ModelPlayer.h(66): warning:  #1295-D: Deprecated declaration GetLevel - give arg types
  int GetLevel();
ModelPlayer.c(217): warning:  #1-D: last line of file ends without a newline
  int GetScreen(int i,int j)            { return screen[i][j]; }
ModelPlayer.c: 14 warnings, 0 errors
linking...
Program Size: Code=6148 RO-data=1804 RW-data=140 ZI-data=2924  
".\SpaceInvaders.axf" - 0 Error(s), 34 Warning(s).
Load "C:\\Keil\\Labware\\PROJECT_DX_BALL02\\SpaceInvaders.axf" 
Connecting: Mode=JTAG, Speed=1000000Hz
Erase Done.
Programming Done.
Verify OK.
